C:\Users\Administrador\source\repos\SIGEBI\SIGEBI.Business\UseCases\Usuarios\NotificacionesUseCase.cs(74,49): error CS1061: "Notificacion" no contiene una definici├│n para "Leida" ni un m├®todo de extensi├│n accesible "Leida" que acepte un primer argumento del tipo "Notificacion" (┬┐falta alguna directiva using o una referencia de ensamblado?) [C:\Users\Administrador\source\repos\SIGEBI\SIGEBI.Business\SIGEBI.Business.csproj]
C:\Users\Administrador\source\repos\SIGEBI\SIGEBI.Business\UseCases\Usuarios\NotificacionesUseCase.cs(80,57): error CS1061: "Notificacion" no contiene una definici├│n para "Leida" ni un m├®todo de extensi├│n accesible "Leida" que acepte un primer argumento del tipo "Notificacion" (┬┐falta alguna directiva using o una referencia de ensamblado?) [C:\Users\Administrador\source\repos\SIGEBI\SIGEBI.Business\SIGEBI.Business.csproj]

ERROR al compilar.
    1 Advertencia(s)
    2 Errores

Tiempo transcurrido 00:00:02.19

Hay actualizaciones de carga de trabajo disponibles. Ejecute "dotnet workload list" para obtener m├ís informaci├│n.
