﻿  Determinando los proyectos que se van a restaurar...
  Todos los proyectos est├ín actualizados para la restauraci├│n.
  SIGEBI.Domain -> C:\Users\Administrador\source\repos\SIGEBI\SIGEBI.Domain\bin\Debug\net8.0\SIGEBI.Domain.dll
C:\Users\Administrador\source\repos\SIGEBI\SIGEBI.Application\UseCases\Prestamos\SolicitarPrestamoUseCase.cs(14,26): error CS0246: El nombre del tipo o del espacio de nombres 'IPrestamoRepository' no se encontr├│ (┬┐falta una directiva using o una referencia de ensamblado?) [C:\Users\Administrador\source\repos\SIGEBI\SIGEBI.Application\SIGEBI.Business.csproj]
C:\Users\Administrador\source\repos\SIGEBI\SIGEBI.Application\UseCases\Prestamos\SolicitarPrestamoUseCase.cs(15,26): error CS0246: El nombre del tipo o del espacio de nombres 'IUsuarioRepository' no se encontr├│ (┬┐falta una directiva using o una referencia de ensamblado?) [C:\Users\Administrador\source\repos\SIGEBI\SIGEBI.Application\SIGEBI.Business.csproj]
C:\Users\Administrador\source\repos\SIGEBI\SIGEBI.Application\UseCases\Prestamos\SolicitarPrestamoUseCase.cs(16,26): error CS0246: El nombre del tipo o del espacio de nombres 'IRecursoRepository' no se encontr├│ (┬┐falta una directiva using o una referencia de ensamblado?) [C:\Users\Administrador\source\repos\SIGEBI\SIGEBI.Application\SIGEBI.Business.csproj]
C:\Users\Administrador\source\repos\SIGEBI\SIGEBI.Application\UseCases\Prestamos\SolicitarPrestamoUseCase.cs(17,26): error CS0246: El nombre del tipo o del espacio de nombres 'IPenalizacionRepository' no se encontr├│ (┬┐falta una directiva using o una referencia de ensamblado?) [C:\Users\Administrador\source\repos\SIGEBI\SIGEBI.Application\SIGEBI.Business.csproj]
C:\Users\Administrador\source\repos\SIGEBI\SIGEBI.Application\UseCases\Prestamos\SolicitarPrestamoUseCase.cs(22,13): error CS0246: El nombre del tipo o del espacio de nombres 'IPrestamoRepository' no se encontr├│ (┬┐falta una directiva using o una referencia de ensamblado?) [C:\Users\Administrador\source\repos\SIGEBI\SIGEBI.Application\SIGEBI.Business.csproj]
C:\Users\Administrador\source\repos\SIGEBI\SIGEBI.Application\UseCases\Prestamos\SolicitarPrestamoUseCase.cs(23,13): error CS0246: El nombre del tipo o del espacio de nombres 'IUsuarioRepository' no se encontr├│ (┬┐falta una directiva using o una referencia de ensamblado?) [C:\Users\Administrador\source\repos\SIGEBI\SIGEBI.Application\SIGEBI.Business.csproj]
C:\Users\Administrador\source\repos\SIGEBI\SIGEBI.Application\UseCases\Prestamos\SolicitarPrestamoUseCase.cs(24,13): error CS0246: El nombre del tipo o del espacio de nombres 'IRecursoRepository' no se encontr├│ (┬┐falta una directiva using o una referencia de ensamblado?) [C:\Users\Administrador\source\repos\SIGEBI\SIGEBI.Application\SIGEBI.Business.csproj]
C:\Users\Administrador\source\repos\SIGEBI\SIGEBI.Application\UseCases\Prestamos\SolicitarPrestamoUseCase.cs(25,13): error CS0246: El nombre del tipo o del espacio de nombres 'IPenalizacionRepository' no se encontr├│ (┬┐falta una directiva using o una referencia de ensamblado?) [C:\Users\Administrador\source\repos\SIGEBI\SIGEBI.Application\SIGEBI.Business.csproj]

ERROR al compilar.

C:\Users\Administrador\source\repos\SIGEBI\SIGEBI.Application\UseCases\Prestamos\SolicitarPrestamoUseCase.cs(14,26): error CS0246: El nombre del tipo o del espacio de nombres 'IPrestamoRepository' no se encontr├│ (┬┐falta una directiva using o una referencia de ensamblado?) [C:\Users\Administrador\source\repos\SIGEBI\SIGEBI.Application\SIGEBI.Business.csproj]
C:\Users\Administrador\source\repos\SIGEBI\SIGEBI.Application\UseCases\Prestamos\SolicitarPrestamoUseCase.cs(15,26): error CS0246: El nombre del tipo o del espacio de nombres 'IUsuarioRepository' no se encontr├│ (┬┐falta una directiva using o una referencia de ensamblado?) [C:\Users\Administrador\source\repos\SIGEBI\SIGEBI.Application\SIGEBI.Business.csproj]
C:\Users\Administrador\source\repos\SIGEBI\SIGEBI.Application\UseCases\Prestamos\SolicitarPrestamoUseCase.cs(16,26): error CS0246: El nombre del tipo o del espacio de nombres 'IRecursoRepository' no se encontr├│ (┬┐falta una directiva using o una referencia de ensamblado?) [C:\Users\Administrador\source\repos\SIGEBI\SIGEBI.Application\SIGEBI.Business.csproj]
C:\Users\Administrador\source\repos\SIGEBI\SIGEBI.Application\UseCases\Prestamos\SolicitarPrestamoUseCase.cs(17,26): error CS0246: El nombre del tipo o del espacio de nombres 'IPenalizacionRepository' no se encontr├│ (┬┐falta una directiva using o una referencia de ensamblado?) [C:\Users\Administrador\source\repos\SIGEBI\SIGEBI.Application\SIGEBI.Business.csproj]
C:\Users\Administrador\source\repos\SIGEBI\SIGEBI.Application\UseCases\Prestamos\SolicitarPrestamoUseCase.cs(22,13): error CS0246: El nombre del tipo o del espacio de nombres 'IPrestamoRepository' no se encontr├│ (┬┐falta una directiva using o una referencia de ensamblado?) [C:\Users\Administrador\source\repos\SIGEBI\SIGEBI.Application\SIGEBI.Business.csproj]
C:\Users\Administrador\source\repos\SIGEBI\SIGEBI.Application\UseCases\Prestamos\SolicitarPrestamoUseCase.cs(23,13): error CS0246: El nombre del tipo o del espacio de nombres 'IUsuarioRepository' no se encontr├│ (┬┐falta una directiva using o una referencia de ensamblado?) [C:\Users\Administrador\source\repos\SIGEBI\SIGEBI.Application\SIGEBI.Business.csproj]
C:\Users\Administrador\source\repos\SIGEBI\SIGEBI.Application\UseCases\Prestamos\SolicitarPrestamoUseCase.cs(24,13): error CS0246: El nombre del tipo o del espacio de nombres 'IRecursoRepository' no se encontr├│ (┬┐falta una directiva using o una referencia de ensamblado?) [C:\Users\Administrador\source\repos\SIGEBI\SIGEBI.Application\SIGEBI.Business.csproj]
C:\Users\Administrador\source\repos\SIGEBI\SIGEBI.Application\UseCases\Prestamos\SolicitarPrestamoUseCase.cs(25,13): error CS0246: El nombre del tipo o del espacio de nombres 'IPenalizacionRepository' no se encontr├│ (┬┐falta una directiva using o una referencia de ensamblado?) [C:\Users\Administrador\source\repos\SIGEBI\SIGEBI.Application\SIGEBI.Business.csproj]
    0 Advertencia(s)
    8 Errores

Tiempo transcurrido 00:00:03.04

Hay actualizaciones de carga de trabajo disponibles. Ejecute "dotnet workload list" para obtener m├ís informaci├│n.
