  Determinando los proyectos que se van a restaurar...
  Todos los proyectos est├ín actualizados para la restauraci├│n.
  SIGEBI.Domain -> c:\Users\Administrador\source\repos\SIGEBI\SIGEBI.Domain\bin\Debug\net8.0\SIGEBI.Domain.dll
  SIGEBI.Business -> c:\Users\Administrador\source\repos\SIGEBI\SIGEBI.Application\bin\Debug\net8.0\SIGEBI.Business.dll
  SIGEBI.Test -> c:\Users\Administrador\source\repos\SIGEBI\SIGEBI.Test\bin\Debug\net8.0\SIGEBI.Test.dll
Serie de pruebas para c:\Users\Administrador\source\repos\SIGEBI\SIGEBI.Test\bin\Debug\net8.0\SIGEBI.Test.dll (.NETCoreApp,Version=v8.0)
Versi├│n 17.12.0 (x64) de VSTest

Iniciando la ejecuci├│n de pruebas, espere...
1 archivos de prueba en total coincidieron con el patr├│n especificado.
dotnet : [xUnit.net 
00:00:01.10]     SIGEBI.Te
st.UseCases.Catalogo.Gesti
onarRecursosUseCaseTests.E
liminarRecurso_RecursoExis
tente_DesactivaRecurso 
[FAIL]
En línea: 1 Carácter: 1
+ dotnet test c:\Users\Adm
inistrador\source\repos\SI
GEBI\SIGEBI.Test\SI ...
+ ~~~~~~~~~~~~~~~~~~~~~~~~
~~~~~~~~~~~~~~~~~~~~~~~~~~
~~~~~~~~~~~~~~~~~~~
    + CategoryInfo        
      : NotSpecified: ([  
  xUnit.net 00:0...aRec   
 urso [FAIL]:String) [    
], RemoteException
    + FullyQualifiedError 
   Id : NativeCommandErr  
  or
 
  Con error SIGEBI.Test.UseCases.Catalogo.GestionarRecursosUseCaseTests.EliminarRecurso_RecursoExistente_DesactivaRecurso [146 ms]
  Mensaje de error:
   Expected libro.Estado to be EstadoRecurso.Inactivo {value: 2}, but found EstadoRecurso.Disponible {value: 1}.
  Seguimiento de la pila:
     at FluentAssertions.Execution.LateBoundTestFramework.Throw(String message)
   at FluentAssertions.Execution.DefaultAssertionStrategy.HandleFailure(String message)
   at FluentAssertions.Execution.AssertionScope.AddPreFormattedFailure(String formattedFailureMessage)
   at FluentAssertions.Execution.AssertionChain.FailWith(Func`1 getFailureReason)
   at FluentAssertions.Execution.AssertionChain.FailWith(Func`1 getFailureReason)
   at FluentAssertions.Execution.AssertionChain.FailWith(String message, Object[] args)
   at FluentAssertions.Primitives.EnumAssertions`2.Be(TEnum expected, String because, Object[] becauseArgs)
   at SIGEBI.Test.UseCases.Catalogo.GestionarRecursosUseCaseTests.EliminarRecurso_RecursoExistente_DesactivaRecurso() in c:\Users\Administrador\source\repos\SIGEBI\SIGEBI.Test\UseCases\Catalogo\GestionarRecursosUseCaseTests.cs:line 166
--- End of stack trace from previous location ---

Con error! - Con error:     1, Superado:    98, Omitido:     0, Total:    99, Duraci├│n: 407 ms - SIGEBI.Test.dll (net8.0)

Hay actualizaciones de carga de trabajo disponibles. Ejecute "dotnet workload list" para obtener m├ís informaci├│n.
